node.exe : [2mLoaded 
Prisma config from 
prisma.config.js.
En línea: 1 Carácter: 1
+ & "C:\Program 
Files\nodejs/node.exe" 
"C:\Program 
Files\nodejs/node_mo 
...
+ ~~~~~~~~~~~~~~~~~~~~~
~~~~~~~~~~~~~~~~~~~~~~~
~~~~~~~~~~~~~~~~~~~~~~~
~~
    + CategoryInfo     
         : NotSpecifi  
  ed: ([2mLoaded Pr   
 is...isma.config.j    
s.:String) [], Rem    
oteException
    + FullyQualifiedEr 
   rorId : NativeComm  
  andError
 
[22m
[2mPrisma schema 
loaded from prisma\sche
ma.prisma.[22m
[1m[31mError: [39m[
22m[31m[1mPrisma 
schema 
validation[22m[39m - 
(get-config wasm)
Error code: P1012
error: The datasource 
property `url` is no 
longer supported in 
schema files. Move 
connection URLs for 
Migrate to 
`prisma.config.ts` and 
pass either `adapter` 
for a direct database 
connection or 
`accelerateUrl` for 
Accelerate to the 
`PrismaClient` 
constructor. See https:
//pris.ly/d/config-data
source and https://pris
.ly/d/prisma7-client-co
nfig
  -->  
prisma\schema.prisma:7
   | 
 6 |   provider = 
"mysql"
 7 |   url      = 
env("DATABASE_URL")
   | 

Validation Error 
Count: 1
[Context: getConfig]

Prisma CLI Version : 
7.4.1
